INFO:     Started server process [58812]
INFO:     Waiting for application startup.
INFO:     Application startup complete.
INFO:     Uvicorn running on http://0.0.0.0:8011 (Press CTRL+C to quit)
vision_push_failed frame_id=mock-video-1 error=HTTP Error 404: Not Found
vision_push_failed frame_id=mock-video-2 error=HTTP Error 404: Not Found
vision_push_failed frame_id=mock-video-3 error=HTTP Error 404: Not Found
vision_push_failed frame_id=mock-video-4 error=HTTP Error 404: Not Found
vision_push_failed frame_id=mock-video-5 error=HTTP Error 404: Not Found
vision_push_failed frame_id=mock-video-6 error=HTTP Error 404: Not Found
vision_push_failed frame_id=mock-video-7 error=HTTP Error 404: Not Found
vision_push_failed frame_id=mock-video-8 error=HTTP Error 404: Not Found
vision_push_failed frame_id=mock-video-9 error=HTTP Error 404: Not Found
vision_push_failed frame_id=mock-video-10 error=HTTP Error 404: Not Found
vision_push_failed frame_id=mock-video-11 error=HTTP Error 404: Not Found
vision_push_failed frame_id=mock-video-12 error=HTTP Error 404: Not Found
vision_push_failed frame_id=mock-video-13 error=HTTP Error 404: Not Found
vision_push_failed frame_id=mock-video-14 error=HTTP Error 404: Not Found
vision_push_failed frame_id=mock-video-15 error=HTTP Error 404: Not Found
vision_push_failed frame_id=mock-video-16 error=HTTP Error 404: Not Found
vision_push_failed frame_id=mock-video-17 error=HTTP Error 404: Not Found
vision_push_failed frame_id=mock-video-18 error=HTTP Error 404: Not Found
vision_push_failed frame_id=mock-video-19 error=HTTP Error 404: Not Found
vision_push_failed frame_id=mock-video-20 error=HTTP Error 404: Not Found
vision_push_failed frame_id=mock-video-21 error=HTTP Error 404: Not Found
vision_push_failed frame_id=mock-video-22 error=HTTP Error 404: Not Found
vision_push_failed frame_id=mock-video-23 error=HTTP Error 404: Not Found
vision_push_failed frame_id=mock-video-24 error=HTTP Error 404: Not Found
vision_push_failed frame_id=mock-video-25 error=HTTP Error 404: Not Found
vision_push_failed frame_id=mock-video-26 error=HTTP Error 404: Not Found
vision_push_failed frame_id=mock-video-27 error=HTTP Error 404: Not Found
vision_push_failed frame_id=mock-video-28 error=HTTP Error 404: Not Found
vision_push_failed frame_id=mock-video-29 error=HTTP Error 404: Not Found
vision_push_failed frame_id=mock-video-30 error=HTTP Error 404: Not Found
vision_push_failed frame_id=mock-video-31 error=HTTP Error 404: Not Found
vision_push_failed frame_id=mock-video-32 error=HTTP Error 404: Not Found
vision_push_failed frame_id=mock-video-33 error=HTTP Error 404: Not Found
vision_push_failed frame_id=mock-video-34 error=HTTP Error 404: Not Found
vision_push_failed frame_id=mock-video-35 error=HTTP Error 404: Not Found
vision_push_failed frame_id=mock-video-36 error=HTTP Error 404: Not Found
vision_push_failed frame_id=mock-video-37 error=HTTP Error 404: Not Found
vision_push_failed frame_id=mock-video-38 error=HTTP Error 404: Not Found
vision_push_failed frame_id=mock-video-39 error=HTTP Error 404: Not Found
vision_push_failed frame_id=mock-video-40 error=HTTP Error 404: Not Found
vision_push_failed frame_id=mock-video-41 error=HTTP Error 404: Not Found
vision_push_failed frame_id=mock-video-42 error=HTTP Error 404: Not Found
vision_push_failed frame_id=mock-video-43 error=HTTP Error 404: Not Found
vision_push_failed frame_id=mock-video-44 error=HTTP Error 404: Not Found
vision_push_failed frame_id=mock-video-45 error=HTTP Error 404: Not Found
vision_push_failed frame_id=mock-video-46 error=HTTP Error 404: Not Found
vision_push_failed frame_id=mock-video-47 error=HTTP Error 404: Not Found
vision_push_failed frame_id=mock-video-48 error=HTTP Error 404: Not Found
vision_push_failed frame_id=mock-video-49 error=HTTP Error 404: Not Found
vision_push_failed frame_id=mock-video-50 error=HTTP Error 404: Not Found
vision_push_failed frame_id=mock-video-51 error=HTTP Error 404: Not Found
vision_push_failed frame_id=mock-video-52 error=HTTP Error 404: Not Found
vision_push_failed frame_id=mock-video-53 error=HTTP Error 404: Not Found
vision_push_failed frame_id=mock-video-54 error=HTTP Error 404: Not Found
vision_push_failed frame_id=mock-video-55 error=HTTP Error 404: Not Found
vision_push_failed frame_id=mock-video-56 error=HTTP Error 404: Not Found
vision_push_failed frame_id=mock-video-57 error=HTTP Error 404: Not Found
vision_push_failed frame_id=mock-video-58 error=HTTP Error 404: Not Found
vision_push_failed frame_id=mock-video-59 error=HTTP Error 404: Not Found
vision_push_failed frame_id=mock-video-60 error=HTTP Error 404: Not Found
vision_push_failed frame_id=mock-video-61 error=HTTP Error 404: Not Found
vision_push_failed frame_id=mock-video-62 error=HTTP Error 404: Not Found
vision_push_failed frame_id=mock-video-63 error=HTTP Error 404: Not Found
vision_push_failed frame_id=mock-video-64 error=HTTP Error 404: Not Found
vision_push_failed frame_id=mock-video-65 error=HTTP Error 404: Not Found
vision_push_failed frame_id=mock-video-66 error=HTTP Error 404: Not Found
vision_push_failed frame_id=mock-video-67 error=HTTP Error 404: Not Found
vision_push_failed frame_id=mock-video-68 error=HTTP Error 404: Not Found
vision_push_failed frame_id=mock-video-69 error=HTTP Error 404: Not Found
vision_push_failed frame_id=mock-video-70 error=HTTP Error 404: Not Found
vision_push_failed frame_id=mock-video-71 error=HTTP Error 404: Not Found
vision_push_failed frame_id=mock-video-72 error=HTTP Error 404: Not Found
vision_push_failed frame_id=mock-video-73 error=HTTP Error 404: Not Found
vision_push_failed frame_id=mock-video-74 error=HTTP Error 404: Not Found
vision_push_failed frame_id=mock-video-75 error=HTTP Error 404: Not Found
vision_push_failed frame_id=mock-video-76 error=HTTP Error 404: Not Found
vision_push_failed frame_id=mock-video-77 error=HTTP Error 404: Not Found
vision_push_failed frame_id=mock-video-78 error=HTTP Error 404: Not Found
vision_push_failed frame_id=mock-video-79 error=HTTP Error 404: Not Found
vision_push_failed frame_id=mock-video-80 error=HTTP Error 404: Not Found
vision_push_failed frame_id=mock-video-81 error=HTTP Error 404: Not Found
vision_push_failed frame_id=mock-video-82 error=HTTP Error 404: Not Found
vision_push_failed frame_id=mock-video-83 error=HTTP Error 404: Not Found
vision_push_failed frame_id=mock-video-84 error=HTTP Error 404: Not Found
vision_push_failed frame_id=mock-video-85 error=HTTP Error 404: Not Found
vision_push_failed frame_id=mock-video-86 error=HTTP Error 404: Not Found
vision_push_failed frame_id=mock-video-87 error=HTTP Error 404: Not Found
vision_push_failed frame_id=mock-video-88 error=HTTP Error 404: Not Found
vision_push_failed frame_id=mock-video-89 error=HTTP Error 404: Not Found
vision_push_failed frame_id=mock-video-90 error=HTTP Error 404: Not Found
vision_push_failed frame_id=mock-video-91 error=HTTP Error 404: Not Found
vision_push_failed frame_id=mock-video-92 error=HTTP Error 404: Not Found
vision_push_failed frame_id=mock-video-93 error=HTTP Error 404: Not Found
vision_push_failed frame_id=mock-video-94 error=HTTP Error 404: Not Found
vision_push_failed frame_id=mock-video-95 error=HTTP Error 404: Not Found
vision_push_failed frame_id=mock-video-96 error=HTTP Error 404: Not Found
vision_push_failed frame_id=mock-video-97 error=HTTP Error 404: Not Found
vision_push_failed frame_id=mock-video-98 error=HTTP Error 404: Not Found
vision_push_failed frame_id=mock-video-99 error=HTTP Error 404: Not Found
vision_push_failed frame_id=mock-video-100 error=HTTP Error 404: Not Found
vision_push_failed frame_id=mock-video-101 error=HTTP Error 404: Not Found
vision_push_failed frame_id=mock-video-102 error=HTTP Error 404: Not Found
vision_push_failed frame_id=mock-video-103 error=HTTP Error 404: Not Found
vision_push_failed frame_id=mock-video-104 error=HTTP Error 404: Not Found
vision_push_failed frame_id=mock-video-105 error=HTTP Error 404: Not Found
vision_push_failed frame_id=mock-video-106 error=HTTP Error 404: Not Found
vision_push_failed frame_id=mock-video-107 error=HTTP Error 404: Not Found
vision_push_failed frame_id=mock-video-108 error=HTTP Error 404: Not Found
vision_push_failed frame_id=mock-video-109 error=HTTP Error 404: Not Found
vision_push_failed frame_id=mock-video-110 error=HTTP Error 404: Not Found
vision_push_failed frame_id=mock-video-111 error=HTTP Error 404: Not Found
vision_push_failed frame_id=mock-video-112 error=HTTP Error 404: Not Found
vision_push_failed frame_id=mock-video-113 error=HTTP Error 404: Not Found
vision_push_failed frame_id=mock-video-114 error=HTTP Error 404: Not Found
vision_push_failed frame_id=mock-video-115 error=HTTP Error 404: Not Found
vision_push_failed frame_id=mock-video-116 error=HTTP Error 404: Not Found
vision_push_failed frame_id=mock-video-117 error=HTTP Error 404: Not Found
vision_push_failed frame_id=mock-video-118 error=HTTP Error 404: Not Found
vision_push_failed frame_id=mock-video-119 error=HTTP Error 404: Not Found
vision_push_failed frame_id=mock-video-120 error=HTTP Error 404: Not Found
vision_push_failed frame_id=mock-video-121 error=HTTP Error 404: Not Found
vision_push_failed frame_id=mock-video-122 error=HTTP Error 404: Not Found
vision_push_failed frame_id=mock-video-123 error=HTTP Error 404: Not Found
vision_push_failed frame_id=mock-video-124 error=HTTP Error 404: Not Found
vision_push_failed frame_id=mock-video-125 error=HTTP Error 404: Not Found
vision_push_failed frame_id=mock-video-126 error=HTTP Error 404: Not Found
vision_push_failed frame_id=mock-video-127 error=HTTP Error 404: Not Found
vision_push_failed frame_id=mock-video-128 error=<urlopen error timed out>
vision_push_failed frame_id=mock-video-129 error=HTTP Error 404: Not Found
vision_push_failed frame_id=mock-video-130 error=HTTP Error 404: Not Found
vision_push_failed frame_id=mock-video-131 error=HTTP Error 404: Not Found
vision_push_failed frame_id=mock-video-132 error=HTTP Error 404: Not Found
vision_push_failed frame_id=mock-video-133 error=HTTP Error 404: Not Found
vision_push_failed frame_id=mock-video-134 error=HTTP Error 404: Not Found
vision_push_failed frame_id=mock-video-135 error=HTTP Error 404: Not Found
vision_push_failed frame_id=mock-video-136 error=HTTP Error 404: Not Found
vision_push_failed frame_id=mock-video-137 error=HTTP Error 404: Not Found
vision_push_failed frame_id=mock-video-138 error=HTTP Error 404: Not Found
vision_push_failed frame_id=mock-video-139 error=HTTP Error 404: Not Found
vision_push_failed frame_id=mock-video-140 error=HTTP Error 404: Not Found
vision_push_failed frame_id=mock-video-141 error=HTTP Error 404: Not Found
vision_push_failed frame_id=mock-video-142 error=HTTP Error 404: Not Found
vision_push_failed frame_id=mock-video-143 error=HTTP Error 404: Not Found
vision_push_failed frame_id=mock-video-144 error=HTTP Error 404: Not Found
vision_push_failed frame_id=mock-video-145 error=HTTP Error 404: Not Found
vision_push_failed frame_id=mock-video-146 error=HTTP Error 404: Not Found
vision_push_failed frame_id=mock-video-147 error=HTTP Error 404: Not Found
vision_push_failed frame_id=mock-video-148 error=HTTP Error 404: Not Found
vision_push_failed frame_id=mock-video-149 error=HTTP Error 404: Not Found
vision_push_failed frame_id=mock-video-150 error=HTTP Error 404: Not Found
vision_push_failed frame_id=mock-video-151 error=HTTP Error 404: Not Found
vision_push_failed frame_id=mock-video-152 error=HTTP Error 404: Not Found
vision_push_failed frame_id=mock-video-153 error=HTTP Error 404: Not Found
vision_push_failed frame_id=mock-video-154 error=HTTP Error 404: Not Found
vision_push_failed frame_id=mock-video-155 error=HTTP Error 404: Not Found
vision_push_failed frame_id=mock-video-156 error=HTTP Error 404: Not Found
vision_push_failed frame_id=mock-video-157 error=HTTP Error 404: Not Found
vision_push_failed frame_id=mock-video-158 error=HTTP Error 404: Not Found
vision_push_failed frame_id=mock-video-159 error=HTTP Error 404: Not Found
vision_push_failed frame_id=mock-video-160 error=HTTP Error 404: Not Found
vision_push_failed frame_id=mock-video-161 error=HTTP Error 404: Not Found
vision_push_failed frame_id=mock-video-162 error=HTTP Error 404: Not Found
vision_push_failed frame_id=mock-video-163 error=HTTP Error 404: Not Found
vision_push_failed frame_id=mock-video-164 error=HTTP Error 404: Not Found
vision_push_failed frame_id=mock-video-165 error=HTTP Error 404: Not Found
vision_push_failed frame_id=mock-video-166 error=HTTP Error 404: Not Found
vision_push_failed frame_id=mock-video-167 error=HTTP Error 404: Not Found
vision_push_failed frame_id=mock-video-168 error=HTTP Error 404: Not Found
vision_push_failed frame_id=mock-video-169 error=HTTP Error 404: Not Found
vision_push_failed frame_id=mock-video-170 error=HTTP Error 404: Not Found
vision_push_failed frame_id=mock-video-171 error=HTTP Error 404: Not Found
vision_push_failed frame_id=mock-video-172 error=HTTP Error 404: Not Found
vision_push_failed frame_id=mock-video-173 error=HTTP Error 404: Not Found
vision_push_failed frame_id=mock-video-174 error=HTTP Error 404: Not Found
vision_push_failed frame_id=mock-video-175 error=HTTP Error 404: Not Found
vision_push_failed frame_id=mock-video-176 error=HTTP Error 404: Not Found
vision_push_failed frame_id=mock-video-177 error=HTTP Error 404: Not Found
vision_push_failed frame_id=mock-video-178 error=HTTP Error 404: Not Found
vision_push_failed frame_id=mock-video-179 error=HTTP Error 404: Not Found
vision_push_failed frame_id=mock-video-180 error=HTTP Error 404: Not Found
vision_push_failed frame_id=mock-video-181 error=HTTP Error 404: Not Found
vision_push_failed frame_id=mock-video-182 error=HTTP Error 404: Not Found
vision_push_failed frame_id=mock-video-183 error=HTTP Error 404: Not Found
vision_push_failed frame_id=mock-video-184 error=HTTP Error 404: Not Found
vision_push_failed frame_id=mock-video-185 error=HTTP Error 404: Not Found
vision_push_failed frame_id=mock-video-186 error=HTTP Error 404: Not Found
vision_push_failed frame_id=mock-video-187 error=HTTP Error 404: Not Found
vision_push_failed frame_id=mock-video-188 error=HTTP Error 404: Not Found
vision_push_failed frame_id=mock-video-189 error=HTTP Error 404: Not Found
vision_push_failed frame_id=mock-video-190 error=HTTP Error 404: Not Found
vision_push_failed frame_id=mock-video-191 error=HTTP Error 404: Not Found
vision_push_failed frame_id=mock-video-192 error=HTTP Error 404: Not Found
vision_push_failed frame_id=mock-video-193 error=HTTP Error 404: Not Found
vision_push_failed frame_id=mock-video-194 error=HTTP Error 404: Not Found
vision_push_failed frame_id=mock-video-195 error=HTTP Error 404: Not Found
vision_push_failed frame_id=mock-video-196 error=HTTP Error 404: Not Found
vision_push_failed frame_id=mock-video-197 error=HTTP Error 404: Not Found
vision_push_failed frame_id=mock-video-198 error=HTTP Error 404: Not Found
vision_push_failed frame_id=mock-video-199 error=HTTP Error 404: Not Found
vision_push_failed frame_id=mock-video-200 error=HTTP Error 404: Not Found
vision_push_failed frame_id=mock-video-201 error=HTTP Error 404: Not Found
vision_push_failed frame_id=mock-video-202 error=HTTP Error 404: Not Found
vision_push_failed frame_id=mock-video-203 error=HTTP Error 404: Not Found
vision_push_failed frame_id=mock-video-204 error=HTTP Error 404: Not Found
vision_push_failed frame_id=mock-video-205 error=HTTP Error 404: Not Found
vision_push_failed frame_id=mock-video-206 error=HTTP Error 404: Not Found
vision_push_failed frame_id=mock-video-207 error=HTTP Error 404: Not Found
vision_push_failed frame_id=mock-video-208 error=HTTP Error 404: Not Found
vision_push_failed frame_id=mock-video-209 error=HTTP Error 404: Not Found
vision_push_failed frame_id=mock-video-210 error=HTTP Error 404: Not Found
vision_push_failed frame_id=mock-video-211 error=HTTP Error 404: Not Found
vision_push_failed frame_id=mock-video-212 error=HTTP Error 404: Not Found
vision_push_failed frame_id=mock-video-213 error=HTTP Error 404: Not Found
vision_push_failed frame_id=mock-video-214 error=HTTP Error 404: Not Found
vision_push_failed frame_id=mock-video-215 error=HTTP Error 404: Not Found
vision_push_failed frame_id=mock-video-216 error=HTTP Error 404: Not Found
vision_push_failed frame_id=mock-video-217 error=HTTP Error 404: Not Found
vision_push_failed frame_id=mock-video-218 error=HTTP Error 404: Not Found
vision_push_failed frame_id=mock-video-219 error=HTTP Error 404: Not Found
vision_push_failed frame_id=mock-video-220 error=HTTP Error 404: Not Found
vision_push_failed frame_id=mock-video-221 error=HTTP Error 404: Not Found
vision_push_failed frame_id=mock-video-222 error=HTTP Error 404: Not Found
vision_push_failed frame_id=mock-video-223 error=HTTP Error 404: Not Found
vision_push_failed frame_id=mock-video-224 error=HTTP Error 404: Not Found
vision_push_failed frame_id=mock-video-225 error=HTTP Error 404: Not Found
vision_push_failed frame_id=mock-video-226 error=HTTP Error 404: Not Found
vision_push_failed frame_id=mock-video-227 error=HTTP Error 404: Not Found
vision_push_failed frame_id=mock-video-228 error=HTTP Error 404: Not Found
vision_push_failed frame_id=mock-video-229 error=HTTP Error 404: Not Found
vision_push_failed frame_id=mock-video-230 error=HTTP Error 404: Not Found
vision_push_failed frame_id=mock-video-231 error=HTTP Error 404: Not Found
vision_push_failed frame_id=mock-video-232 error=HTTP Error 404: Not Found
vision_push_failed frame_id=mock-video-233 error=HTTP Error 404: Not Found
vision_push_failed frame_id=mock-video-234 error=HTTP Error 404: Not Found
vision_push_failed frame_id=mock-video-235 error=HTTP Error 404: Not Found
vision_push_failed frame_id=mock-video-236 error=HTTP Error 404: Not Found
vision_push_failed frame_id=mock-video-237 error=HTTP Error 404: Not Found
vision_push_failed frame_id=mock-video-238 error=HTTP Error 404: Not Found
vision_push_failed frame_id=mock-video-239 error=HTTP Error 404: Not Found
vision_push_failed frame_id=mock-video-240 error=HTTP Error 404: Not Found
vision_push_failed frame_id=mock-video-241 error=HTTP Error 404: Not Found
vision_push_failed frame_id=mock-video-242 error=HTTP Error 404: Not Found
vision_push_failed frame_id=mock-video-243 error=HTTP Error 404: Not Found
vision_push_failed frame_id=mock-video-244 error=HTTP Error 404: Not Found
vision_push_failed frame_id=mock-video-245 error=HTTP Error 404: Not Found
vision_push_failed frame_id=mock-video-246 error=HTTP Error 404: Not Found
vision_push_failed frame_id=mock-video-247 error=HTTP Error 404: Not Found
vision_push_failed frame_id=mock-video-248 error=HTTP Error 404: Not Found
vision_push_failed frame_id=mock-video-249 error=HTTP Error 404: Not Found
vision_push_failed frame_id=mock-video-250 error=HTTP Error 404: Not Found
vision_push_failed frame_id=mock-video-251 error=HTTP Error 404: Not Found
vision_push_failed frame_id=mock-video-252 error=HTTP Error 404: Not Found
vision_push_failed frame_id=mock-video-253 error=HTTP Error 404: Not Found
vision_push_failed frame_id=mock-video-254 error=HTTP Error 404: Not Found
vision_push_failed frame_id=mock-video-255 error=HTTP Error 404: Not Found
vision_push_failed frame_id=mock-video-256 error=HTTP Error 404: Not Found
vision_push_failed frame_id=mock-video-257 error=HTTP Error 404: Not Found
vision_push_failed frame_id=mock-video-258 error=HTTP Error 404: Not Found
vision_push_failed frame_id=mock-video-259 error=HTTP Error 404: Not Found
vision_push_failed frame_id=mock-video-260 error=HTTP Error 404: Not Found
vision_push_failed frame_id=mock-video-261 error=HTTP Error 404: Not Found
vision_push_failed frame_id=mock-video-262 error=HTTP Error 404: Not Found
vision_push_failed frame_id=mock-video-263 error=HTTP Error 404: Not Found
vision_push_failed frame_id=mock-video-264 error=HTTP Error 404: Not Found
vision_push_failed frame_id=mock-video-265 error=HTTP Error 404: Not Found
vision_push_failed frame_id=mock-video-266 error=HTTP Error 404: Not Found
vision_push_failed frame_id=mock-video-267 error=HTTP Error 404: Not Found
vision_push_failed frame_id=mock-video-268 error=HTTP Error 404: Not Found
vision_push_failed frame_id=mock-video-269 error=HTTP Error 404: Not Found
vision_push_failed frame_id=mock-video-270 error=HTTP Error 404: Not Found
vision_push_failed frame_id=mock-video-271 error=HTTP Error 404: Not Found
vision_push_failed frame_id=mock-video-272 error=HTTP Error 404: Not Found
vision_push_failed frame_id=mock-video-273 error=HTTP Error 404: Not Found
vision_push_failed frame_id=mock-video-274 error=HTTP Error 404: Not Found
vision_push_failed frame_id=mock-video-275 error=HTTP Error 404: Not Found
vision_push_failed frame_id=mock-video-276 error=HTTP Error 404: Not Found
vision_push_failed frame_id=mock-video-277 error=HTTP Error 404: Not Found
vision_push_failed frame_id=mock-video-278 error=HTTP Error 404: Not Found
vision_push_failed frame_id=mock-video-279 error=HTTP Error 404: Not Found
vision_push_failed frame_id=mock-video-280 error=HTTP Error 404: Not Found
vision_push_failed frame_id=mock-video-281 error=HTTP Error 404: Not Found
vision_push_failed frame_id=mock-video-282 error=HTTP Error 404: Not Found
vision_push_failed frame_id=mock-video-283 error=HTTP Error 404: Not Found
vision_push_failed frame_id=mock-video-284 error=HTTP Error 404: Not Found
vision_push_failed frame_id=mock-video-285 error=HTTP Error 404: Not Found
vision_push_failed frame_id=mock-video-286 error=HTTP Error 404: Not Found
vision_push_failed frame_id=mock-video-287 error=HTTP Error 404: Not Found
vision_push_failed frame_id=mock-video-288 error=HTTP Error 404: Not Found
vision_push_failed frame_id=mock-video-289 error=HTTP Error 404: Not Found
vision_push_failed frame_id=mock-video-290 error=HTTP Error 404: Not Found
vision_push_failed frame_id=mock-video-291 error=HTTP Error 404: Not Found
vision_push_failed frame_id=mock-video-292 error=HTTP Error 404: Not Found
vision_push_failed frame_id=mock-video-293 error=HTTP Error 404: Not Found
vision_push_failed frame_id=mock-video-294 error=HTTP Error 404: Not Found
vision_push_failed frame_id=mock-video-295 error=HTTP Error 404: Not Found
vision_push_failed frame_id=mock-video-296 error=HTTP Error 404: Not Found
vision_push_failed frame_id=mock-video-297 error=HTTP Error 404: Not Found
vision_push_failed frame_id=mock-video-298 error=HTTP Error 404: Not Found
vision_push_failed frame_id=mock-video-299 error=HTTP Error 404: Not Found
vision_push_failed frame_id=mock-video-300 error=HTTP Error 404: Not Found
vision_push_failed frame_id=mock-video-301 error=HTTP Error 404: Not Found
vision_push_failed frame_id=mock-video-302 error=HTTP Error 404: Not Found
vision_push_failed frame_id=mock-video-303 error=HTTP Error 404: Not Found
vision_push_failed frame_id=mock-video-304 error=HTTP Error 404: Not Found
vision_push_failed frame_id=mock-video-305 error=HTTP Error 404: Not Found
vision_push_failed frame_id=mock-video-306 error=HTTP Error 404: Not Found
vision_push_failed frame_id=mock-video-307 error=HTTP Error 404: Not Found
vision_push_failed frame_id=mock-video-308 error=HTTP Error 404: Not Found
vision_push_failed frame_id=mock-video-309 error=HTTP Error 404: Not Found
vision_push_failed frame_id=mock-video-310 error=HTTP Error 404: Not Found
vision_push_failed frame_id=mock-video-311 error=HTTP Error 404: Not Found
vision_push_failed frame_id=mock-video-312 error=HTTP Error 404: Not Found
vision_push_failed frame_id=mock-video-313 error=HTTP Error 404: Not Found
vision_push_failed frame_id=mock-video-314 error=HTTP Error 404: Not Found
vision_push_failed frame_id=mock-video-315 error=HTTP Error 404: Not Found
vision_push_failed frame_id=mock-video-316 error=HTTP Error 404: Not Found
vision_push_failed frame_id=mock-video-317 error=HTTP Error 404: Not Found
vision_push_failed frame_id=mock-video-318 error=HTTP Error 404: Not Found
vision_push_failed frame_id=mock-video-319 error=HTTP Error 404: Not Found
vision_push_failed frame_id=mock-video-320 error=HTTP Error 404: Not Found
vision_push_failed frame_id=mock-video-321 error=HTTP Error 404: Not Found
vision_push_failed frame_id=mock-video-322 error=HTTP Error 404: Not Found
vision_push_failed frame_id=mock-video-323 error=HTTP Error 404: Not Found
vision_push_failed frame_id=mock-video-324 error=HTTP Error 404: Not Found
vision_push_failed frame_id=mock-video-325 error=HTTP Error 404: Not Found
vision_push_failed frame_id=mock-video-326 error=HTTP Error 404: Not Found
vision_push_failed frame_id=mock-video-327 error=HTTP Error 404: Not Found
vision_push_failed frame_id=mock-video-328 error=HTTP Error 404: Not Found
vision_push_failed frame_id=mock-video-329 error=HTTP Error 404: Not Found
vision_push_failed frame_id=mock-video-330 error=HTTP Error 404: Not Found
vision_push_failed frame_id=mock-video-331 error=HTTP Error 404: Not Found
vision_push_failed frame_id=mock-video-332 error=HTTP Error 404: Not Found
vision_push_failed frame_id=mock-video-333 error=HTTP Error 404: Not Found
vision_push_failed frame_id=mock-video-334 error=HTTP Error 404: Not Found
vision_push_failed frame_id=mock-video-335 error=HTTP Error 404: Not Found
vision_push_failed frame_id=mock-video-336 error=HTTP Error 404: Not Found
vision_push_failed frame_id=mock-video-337 error=HTTP Error 404: Not Found
vision_push_failed frame_id=mock-video-338 error=HTTP Error 404: Not Found
vision_push_failed frame_id=mock-video-339 error=HTTP Error 404: Not Found
vision_push_failed frame_id=mock-video-340 error=HTTP Error 404: Not Found
vision_push_failed frame_id=mock-video-341 error=HTTP Error 404: Not Found
vision_push_failed frame_id=mock-video-342 error=HTTP Error 404: Not Found
vision_push_failed frame_id=mock-video-343 error=HTTP Error 404: Not Found
vision_push_failed frame_id=mock-video-344 error=HTTP Error 404: Not Found
vision_push_failed frame_id=mock-video-345 error=HTTP Error 404: Not Found
vision_push_failed frame_id=mock-video-346 error=HTTP Error 404: Not Found
vision_push_failed frame_id=mock-video-347 error=HTTP Error 404: Not Found
vision_push_failed frame_id=mock-video-348 error=HTTP Error 404: Not Found
vision_push_failed frame_id=mock-video-349 error=HTTP Error 404: Not Found
vision_push_failed frame_id=mock-video-350 error=HTTP Error 404: Not Found
vision_push_failed frame_id=mock-video-351 error=HTTP Error 404: Not Found
vision_push_failed frame_id=mock-video-352 error=HTTP Error 404: Not Found
vision_push_failed frame_id=mock-video-353 error=HTTP Error 404: Not Found
vision_push_failed frame_id=mock-video-354 error=HTTP Error 404: Not Found
vision_push_failed frame_id=mock-video-355 error=HTTP Error 404: Not Found
vision_push_failed frame_id=mock-video-356 error=HTTP Error 404: Not Found
vision_push_failed frame_id=mock-video-357 error=HTTP Error 404: Not Found
vision_push_failed frame_id=mock-video-358 error=HTTP Error 404: Not Found
vision_push_failed frame_id=mock-video-359 error=HTTP Error 404: Not Found
vision_push_failed frame_id=mock-video-360 error=HTTP Error 404: Not Found
vision_push_failed frame_id=mock-video-361 error=HTTP Error 404: Not Found
vision_push_failed frame_id=mock-video-362 error=HTTP Error 404: Not Found
vision_push_failed frame_id=mock-video-363 error=HTTP Error 404: Not Found
vision_push_failed frame_id=mock-video-364 error=HTTP Error 404: Not Found
vision_push_failed frame_id=mock-video-365 error=HTTP Error 404: Not Found
vision_push_failed frame_id=mock-video-366 error=HTTP Error 404: Not Found
vision_push_failed frame_id=mock-video-367 error=HTTP Error 404: Not Found
vision_push_failed frame_id=mock-video-368 error=HTTP Error 404: Not Found
vision_push_failed frame_id=mock-video-369 error=HTTP Error 404: Not Found
vision_push_failed frame_id=mock-video-370 error=HTTP Error 404: Not Found
vision_push_failed frame_id=mock-video-371 error=HTTP Error 404: Not Found
vision_push_failed frame_id=mock-video-372 error=HTTP Error 404: Not Found
vision_push_failed frame_id=mock-video-373 error=HTTP Error 404: Not Found
vision_push_failed frame_id=mock-video-374 error=HTTP Error 404: Not Found
vision_push_failed frame_id=mock-video-375 error=HTTP Error 404: Not Found
vision_push_failed frame_id=mock-video-376 error=HTTP Error 404: Not Found
vision_push_failed frame_id=mock-video-377 error=HTTP Error 404: Not Found
vision_push_failed frame_id=mock-video-378 error=HTTP Error 404: Not Found
vision_push_failed frame_id=mock-video-379 error=HTTP Error 404: Not Found
vision_push_failed frame_id=mock-video-380 error=HTTP Error 404: Not Found
vision_push_failed frame_id=mock-video-381 error=HTTP Error 404: Not Found
vision_push_failed frame_id=mock-video-382 error=HTTP Error 404: Not Found
vision_push_failed frame_id=mock-video-383 error=HTTP Error 404: Not Found
vision_push_failed frame_id=mock-video-384 error=HTTP Error 404: Not Found
vision_push_failed frame_id=mock-video-385 error=HTTP Error 404: Not Found
vision_push_failed frame_id=mock-video-386 error=HTTP Error 404: Not Found
vision_push_failed frame_id=mock-video-387 error=HTTP Error 404: Not Found
vision_push_failed frame_id=mock-video-388 error=HTTP Error 404: Not Found
vision_push_failed frame_id=mock-video-389 error=HTTP Error 404: Not Found
vision_push_failed frame_id=mock-video-390 error=HTTP Error 404: Not Found
vision_push_failed frame_id=mock-video-391 error=HTTP Error 404: Not Found
vision_push_failed frame_id=mock-video-700 error=<urlopen error timed out>
vision_push_failed frame_id=mock-video-762 error=HTTP Error 502: Bad Gateway
vision_push_failed frame_id=mock-video-763 error=HTTP Error 502: Bad Gateway
vision_push_failed frame_id=mock-video-764 error=<urlopen error timed out>
vision_push_failed frame_id=mock-video-888 error=<urlopen error timed out>
vision_push_failed frame_id=mock-video-947 error=<urlopen error timed out>
vision_push_failed frame_id=mock-video-1051 error=<urlopen error timed out>
vision_push_failed frame_id=mock-video-1087 error=<urlopen error timed out>
vision_push_failed frame_id=mock-video-1103 error=<urlopen error timed out>
vision_push_failed frame_id=mock-video-1117 error=<urlopen error timed out>
vision_push_failed frame_id=mock-video-1125 error=<urlopen error timed out>
vision_push_failed frame_id=mock-video-1255 error=HTTP Error 502: Bad Gateway
vision_push_failed frame_id=mock-video-1258 error=<urlopen error timed out>
vision_push_failed frame_id=mock-video-1272 error=<urlopen error timed out>
vision_push_failed frame_id=mock-video-1338 error=<urlopen error timed out>
